// Jest Snapshot v1, https://goo.gl/fbAQLP

exports[`BlogPage Test 1`] = `
<DocumentFragment>
  <div
    class="flex flex-col min-h-screen"
  >
    <nav
      class="bg-white border-b border-opacity-75 border-gray-300 dark:bg-gray-900 dark:text-white dark:border-gray-500"
      data-headlessui-state=""
    >
      <div
        class="w-full max-w-7xl mx-auto px-2 sm:px-6 lg:px-8"
      >
        <div
          class="relative flex items-center justify-between h-16"
        >
          <div
            class="absolute inset-y-0 left-0 flex items-center sm:hidden"
          >
            <button
              aria-expanded="false"
              class="inline-flex items-center justify-center p-2 rounded-md text-gray-400 hover:text-white hover:bg-gray-700 focus:outline-none focus:ring-2 focus:ring-inset focus:ring-white"
              data-headlessui-state=""
              id="headlessui-disclosure-button-:r0:"
              type="button"
            >
              <span
                class="sr-only"
              >
                Open main menu
              </span>
              <svg
                aria-hidden="true"
                class="block h-6 w-6"
                data-slot="icon"
                fill="none"
                stroke="currentColor"
                stroke-width="1.5"
                viewBox="0 0 24 24"
                xmlns="http://www.w3.org/2000/svg"
              >
                <path
                  d="M3.75 6.75h16.5M3.75 12h16.5m-16.5 5.25h16.5"
                  stroke-linecap="round"
                  stroke-linejoin="round"
                />
              </svg>
            </button>
          </div>
          <div
            class="flex-1 flex items-center justify-center sm:items-stretch sm:justify-start"
          >
            <div
              class="shrink-0 flex items-center"
            >
              <a
                href="/"
              >
                <span
                  class="text-bold text-grey-800"
                >
                  React Wagtail Demo
                </span>
              </a>
            </div>
            <div
              class="hidden sm:block sm:ml-6"
            >
              <div
                class="flex space-x-4"
              >
                <a
                  class="text-gray-500 hover:bg-gray-700 hover:text-white px-3 py-2 rounded-md text-sm font-medium"
                  href="#"
                >
                  Dashboard
                </a>
                <a
                  class="text-gray-500 hover:bg-gray-700 hover:text-white px-3 py-2 rounded-md text-sm font-medium"
                  href="#"
                >
                  Team
                </a>
                <a
                  class="text-gray-500 hover:bg-gray-700 hover:text-white px-3 py-2 rounded-md text-sm font-medium"
                  href="#"
                >
                  Projects
                </a>
                <a
                  class="text-gray-500 hover:bg-gray-700 hover:text-white px-3 py-2 rounded-md text-sm font-medium"
                  href="#"
                >
                  Calendar
                </a>
              </div>
            </div>
          </div>
          <div
            class="absolute inset-y-0 right-0 flex items-center pr-2 sm:static sm:inset-auto sm:ml-6 sm:pr-0"
          >
            <button
              class="bg-gray-800 p-1 rounded-full text-gray-400 hover:text-white focus:outline-none"
              type="button"
            >
              <svg
                aria-hidden="true"
                class="h-6 w-6"
                data-slot="icon"
                fill="none"
                stroke="currentColor"
                stroke-width="1.5"
                viewBox="0 0 24 24"
                xmlns="http://www.w3.org/2000/svg"
              >
                <path
                  d="M21.752 15.002A9.72 9.72 0 0 1 18 15.75c-5.385 0-9.75-4.365-9.75-9.75 0-1.33.266-2.597.748-3.752A9.753 9.753 0 0 0 3 11.25C3 16.635 7.365 21 12.75 21a9.753 9.753 0 0 0 9.002-5.998Z"
                  stroke-linecap="round"
                  stroke-linejoin="round"
                />
              </svg>
            </button>
          </div>
        </div>
      </div>
    </nav>
    <div
      class="w-full max-w-7xl mx-auto px-2 sm:px-6 lg:px-8"
    >
      <div
        class="flex flex-row flex-wrap py-4"
      >
        <div
          data-testid="PostPageCardContainer"
        />
        <div
          data-testid="SideBar"
        />
      </div>
    </div>
    <footer
      class="mt-auto py-7 bg-white border-t border-opacity-75 border-gray-300 dark:bg-gray-900 dark:text-white dark:border-gray-500"
    >
      <div
        class="container mx-auto"
      >
        <p
          class="m-0 text-center text-blue-700 hover:underline dark:text-gray-400"
        >
          Built by 
          <a
            href="https://www.accordbox.com/"
          >
            michaelyin@accordbox.com
          </a>
        </p>
      </div>
    </footer>
  </div>
</DocumentFragment>
`;
